// Jest Snapshot v1, https://goo.gl/fbAQLP

exports[`CustomButton render button with text 1`] = `
<View
  accessible={true}
  collapsable={false}
  focusable={true}
  onBlur={[Function]}
  onClick={[Function]}
  onFocus={[Function]}
  onResponderGrant={[Function]}
  onResponderMove={[Function]}
  onResponderRelease={[Function]}
  onResponderTerminate={[Function]}
  onResponderTerminationRequest={[Function]}
  onStartShouldSetResponder={[Function]}
  style={
    Array [
      Object {
        "alignItems": "center",
        "borderRadius": 5,
        "marginVertical": 5,
        "padding": 15,
        "width": "80%",
      },
      Object {
        "width": "80%",
      },
      Object {
        "backgroundColor": "#00749c",
        "fontWeight": "500",
      },
      Object {},
    ]
  }
>
  <Text
    style={
      Array [
        Object {
          "color": "#00749c",
          "fontWeight": "600",
        },
        Object {
          "color": "#52082b",
          "fontFamily": "sans-serif",
          "fontSize": 25,
          "fontWeight": "bold",
        },
        Object {},
      ]
    }
  />
</View>
`;
