// Jest Snapshot v1, https://goo.gl/fbAQLP

exports[`HomeScreen render Homescreen 1`] = `
<View>
  <Image
    resizeMode="contain"
    source={
      Object {
        "testUri": "../../../assets/images/DIM-Logo-v1.png",
      }
    }
    style={
      Array [
        Object {
          "maxWidth": 200,
        },
        Object {
          "height": 400.2,
        },
      ]
    }
  />
  <Text>
    HomeScreen hello world
  </Text>
  <Text>
    Cool story bro!
  </Text>
  <View
    accessible={true}
    collapsable={false}
    focusable={true}
    onBlur={[Function]}
    onClick={[Function]}
    onFocus={[Function]}
    onResponderGrant={[Function]}
    onResponderMove={[Function]}
    onResponderRelease={[Function]}
    onResponderTerminate={[Function]}
    onResponderTerminationRequest={[Function]}
    onStartShouldSetResponder={[Function]}
    style={
      Array [
        Object {
          "alignItems": "center",
          "borderRadius": 5,
          "marginVertical": 5,
          "padding": 15,
          "width": "80%",
        },
        Object {
          "width": 600,
        },
        Object {
          "backgroundColor": "#00749c",
          "fontWeight": "500",
        },
        Object {},
      ]
    }
  >
    <Text
      style={
        Array [
          Object {
            "color": "white",
            "fontWeight": "600",
          },
          Object {
            "color": "#52082b",
            "fontFamily": "sans-serif",
            "fontSize": 25,
            "fontWeight": "bold",
          },
          Object {
            "color": "white",
          },
        ]
      }
    >
      New Dog
    </Text>
  </View>
</View>
`;
